// Jest Snapshot v1, https://goo.gl/fbAQLP

exports[`collectMetric should be collect metric 1`] = `
[
  {
    "actionPhase": {
      "resultCode": 0,
      "skippedActions": 0,
      "success": true,
      "totalActionFees": 1,
      "totalActions": 1,
      "totalFwdFees": 400000,
    },
    "address": "EQBiA46W-PQaaZZNFIDglnVknV9CR6J5hs81bSv70FwfNTrD",
    "codeHash": "0xd992502b94ea96e7b34e5d62ffb0c6fc73d78b3e61f11f0848fb3a1eb1afc912",
    "computePhase": {
      "exitCode": 0,
      "gasUsed": 1937,
      "success": true,
      "type": "vm",
      "vmSteps": 50,
    },
    "contractName": "TreasuryContract",
    "inMessages": {
      "bits": 998,
      "cells": 3,
    },
    "methodName": "send",
    "opCode": "0x0",
    "outMessages": {
      "bits": 744,
      "cells": 2,
    },
    "receiver": "external-in",
    "state": {
      "code": {
        "bits": 458,
        "cells": 4,
      },
      "data": {
        "bits": 256,
        "cells": 1,
      },
    },
    "testName": "collectMetric should be collect metric",
  },
  {
    "actionPhase": {
      "resultCode": 0,
      "skippedActions": 0,
      "success": true,
      "totalActionFees": 0,
      "totalActions": 0,
      "totalFwdFees": 0,
    },
    "address": "EQBc3CG3NOeF3wwkBM8zjXrsWUhjLuN45LobSkZHXCR0jhvg",
    "codeHash": "0xd992502b94ea96e7b34e5d62ffb0c6fc73d78b3e61f11f0848fb3a1eb1afc912",
    "computePhase": {
      "exitCode": 0,
      "gasUsed": 309,
      "success": true,
      "type": "vm",
      "vmSteps": 5,
    },
    "contractName": "TreasuryContract",
    "inMessages": {
      "bits": 737,
      "cells": 1,
    },
    "methodName": "foo",
    "opCode": "0xdeadface",
    "outMessages": {
      "bits": 0,
      "cells": 0,
    },
    "receiver": "internal",
    "state": {
      "code": {
        "bits": 458,
        "cells": 4,
      },
      "data": {
        "bits": 256,
        "cells": 1,
      },
    },
    "testName": "collectMetric should be collect metric",
  },
  {
    "actionPhase": {
      "resultCode": 0,
      "skippedActions": 0,
      "success": true,
      "totalActionFees": 1,
      "totalActions": 1,
      "totalFwdFees": 400000,
    },
    "address": "EQBc3CG3NOeF3wwkBM8zjXrsWUhjLuN45LobSkZHXCR0jhvg",
    "codeHash": "0xd992502b94ea96e7b34e5d62ffb0c6fc73d78b3e61f11f0848fb3a1eb1afc912",
    "computePhase": {
      "exitCode": 0,
      "gasUsed": 1937,
      "success": true,
      "type": "vm",
      "vmSteps": 50,
    },
    "contractName": "TreasuryContract",
    "inMessages": {
      "bits": 998,
      "cells": 3,
    },
    "methodName": "send",
    "opCode": "0x0",
    "outMessages": {
      "bits": 744,
      "cells": 2,
    },
    "receiver": "external-in",
    "state": {
      "code": {
        "bits": 458,
        "cells": 4,
      },
      "data": {
        "bits": 256,
        "cells": 1,
      },
    },
    "testName": "collectMetric should be collect metric",
  },
  {
    "actionPhase": {
      "resultCode": 0,
      "skippedActions": 0,
      "success": true,
      "totalActionFees": 0,
      "totalActions": 0,
      "totalFwdFees": 0,
    },
    "address": "EQBiA46W-PQaaZZNFIDglnVknV9CR6J5hs81bSv70FwfNTrD",
    "codeHash": "0xd992502b94ea96e7b34e5d62ffb0c6fc73d78b3e61f11f0848fb3a1eb1afc912",
    "computePhase": {
      "exitCode": 0,
      "gasUsed": 309,
      "success": true,
      "type": "vm",
      "vmSteps": 5,
    },
    "contractName": "TreasuryContract",
    "inMessages": {
      "bits": 737,
      "cells": 1,
    },
    "methodName": "notSupported",
    "opCode": "0xffffffff",
    "outMessages": {
      "bits": 0,
      "cells": 0,
    },
    "receiver": "internal",
    "state": {
      "code": {
        "bits": 458,
        "cells": 4,
      },
      "data": {
        "bits": 256,
        "cells": 1,
      },
    },
    "testName": "collectMetric should be collect metric",
  },
]
`;
