// Jest Snapshot v1, https://goo.gl/fbAQLP

exports[`collectMetric should be collect abi 1`] = `
{
  "0xd992502b94ea96e7b34e5d62ffb0c6fc73d78b3e61f11f0848fb3a1eb1afc912": "TreasuryContract",
  "TreasuryContract": {
    "name": "TreasuryContract",
    "receivers": [
      {
        "message": {
          "kind": "typed",
          "type": "0xdeadface",
        },
        "receiver": "internal",
      },
      {
        "message": {
          "kind": "typed",
          "type": "notSupported",
        },
        "receiver": "internal",
      },
    ],
    "types": [
      {
        "header": 3735943886,
        "name": "0xdeadface",
      },
      {
        "header": 4294967295,
        "name": "notSupported",
      },
    ],
  },
}
`;

exports[`collectMetric should be collect metric 1`] = `
[
  {
    "address": "EQBiA46W-PQaaZZNFIDglnVknV9CR6J5hs81bSv70FwfNTrD",
    "codeHash": "0xd992502b94ea96e7b34e5d62ffb0c6fc73d78b3e61f11f0848fb3a1eb1afc912",
    "contractName": "TreasuryContract",
    "execute": {
      "action": {
        "resultCode": 0,
        "skippedActions": 0,
        "success": true,
        "totalActionFees": 1,
        "totalActions": 1,
        "totalFwdFees": 400000,
        "totalMessageSize": {
          "bits": 737,
          "cells": 1,
        },
      },
      "compute": {
        "exitCode": 0,
        "gasUsed": 1937,
        "success": true,
        "type": "vm",
        "vmSteps": 50,
      },
    },
    "message": {
      "in": {
        "bits": 998,
        "cells": 3,
      },
      "out": {
        "bits": 744,
        "cells": 2,
      },
    },
    "methodName": "send",
    "opCode": "0x0",
    "receiver": "external-in",
    "state": {
      "code": {
        "bits": 458,
        "cells": 4,
      },
      "data": {
        "bits": 256,
        "cells": 1,
      },
    },
    "testName": "collectMetric should be collect metric",
  },
  {
    "address": "EQBc3CG3NOeF3wwkBM8zjXrsWUhjLuN45LobSkZHXCR0jhvg",
    "codeHash": "0xd992502b94ea96e7b34e5d62ffb0c6fc73d78b3e61f11f0848fb3a1eb1afc912",
    "contractName": "TreasuryContract",
    "execute": {
      "action": {
        "resultCode": 0,
        "skippedActions": 0,
        "success": true,
        "totalActionFees": 0,
        "totalActions": 0,
        "totalFwdFees": undefined,
        "totalMessageSize": {
          "bits": 0,
          "cells": 0,
        },
      },
      "compute": {
        "exitCode": 0,
        "gasUsed": 309,
        "success": true,
        "type": "vm",
        "vmSteps": 5,
      },
    },
    "message": {
      "in": {
        "bits": 737,
        "cells": 1,
      },
      "out": {
        "bits": 0,
        "cells": 0,
      },
    },
    "methodName": "foo",
    "opCode": "0xdeadface",
    "receiver": "internal",
    "state": {
      "code": {
        "bits": 458,
        "cells": 4,
      },
      "data": {
        "bits": 256,
        "cells": 1,
      },
    },
    "testName": "collectMetric should be collect metric",
  },
  {
    "address": "EQBc3CG3NOeF3wwkBM8zjXrsWUhjLuN45LobSkZHXCR0jhvg",
    "codeHash": "0xd992502b94ea96e7b34e5d62ffb0c6fc73d78b3e61f11f0848fb3a1eb1afc912",
    "contractName": "TreasuryContract",
    "execute": {
      "action": {
        "resultCode": 0,
        "skippedActions": 0,
        "success": true,
        "totalActionFees": 1,
        "totalActions": 1,
        "totalFwdFees": 400000,
        "totalMessageSize": {
          "bits": 737,
          "cells": 1,
        },
      },
      "compute": {
        "exitCode": 0,
        "gasUsed": 1937,
        "success": true,
        "type": "vm",
        "vmSteps": 50,
      },
    },
    "message": {
      "in": {
        "bits": 998,
        "cells": 3,
      },
      "out": {
        "bits": 744,
        "cells": 2,
      },
    },
    "methodName": "send",
    "opCode": "0x0",
    "receiver": "external-in",
    "state": {
      "code": {
        "bits": 458,
        "cells": 4,
      },
      "data": {
        "bits": 256,
        "cells": 1,
      },
    },
    "testName": "collectMetric should be collect metric",
  },
  {
    "address": "EQBiA46W-PQaaZZNFIDglnVknV9CR6J5hs81bSv70FwfNTrD",
    "codeHash": "0xd992502b94ea96e7b34e5d62ffb0c6fc73d78b3e61f11f0848fb3a1eb1afc912",
    "contractName": "TreasuryContract",
    "execute": {
      "action": {
        "resultCode": 0,
        "skippedActions": 0,
        "success": true,
        "totalActionFees": 0,
        "totalActions": 0,
        "totalFwdFees": undefined,
        "totalMessageSize": {
          "bits": 0,
          "cells": 0,
        },
      },
      "compute": {
        "exitCode": 0,
        "gasUsed": 309,
        "success": true,
        "type": "vm",
        "vmSteps": 5,
      },
    },
    "message": {
      "in": {
        "bits": 737,
        "cells": 1,
      },
      "out": {
        "bits": 0,
        "cells": 0,
      },
    },
    "methodName": "notSupported",
    "opCode": "0xffffffff",
    "receiver": "internal",
    "state": {
      "code": {
        "bits": 458,
        "cells": 4,
      },
      "data": {
        "bits": 256,
        "cells": 1,
      },
    },
    "testName": "collectMetric should be collect metric",
  },
]
`;
