// Jest Snapshot v1, https://goo.gl/fbAQLP

exports[`gasReportTable table complex 1`] = `
"┌───────────────┬───────────────────────┬──────────────────────────────────────┬───────────────────────────┐
│               │                       │               current                │            v1             │
│   Contract    │        Method         ├──────────────┬─────────┬─────────────┼──────────┬────────┬───────┤
│               │                       │   gasUsed    │  cells  │    bits     │ gasUsed  │ cells  │ bits  │
├───────────────┼───────────────────────┼──────────────┼─────────┼─────────────┼──────────┼────────┼───────┤
│               │      sendDeploy       │  1937 same   │ 36 same │  7650 same  │   1937   │   36   │ 7650  │
│               ├───────────────────────┼──────────────┼─────────┼─────────────┼──────────┼────────┼───────┤
│               │         send          │   489 same   │ 36 same │  7650 same  │   489    │   36   │ 7650  │
│               ├───────────────────────┼──────────────┼─────────┼─────────────┼──────────┼────────┼───────┤
│               │     sendDeployNft     │  1937 same   │ 36 same │  7650 same  │   1937   │   36   │ 7650  │
│               ├───────────────────────┼──────────────┼─────────┼─────────────┼──────────┼────────┼───────┤
│               │          0x1          │  7251 same   │ 36 same │  7650 same  │   7251   │   36   │ 7650  │
│               ├───────────────────────┼──────────────┼─────────┼─────────────┼──────────┼────────┼───────┤
│               │      0x800637ac       │ 3208 -0.31%  │ 36 same │ 7459 +1.47% │   3218   │   36   │ 7351  │
│               ├───────────────────────┼──────────────┼─────────┼─────────────┼──────────┼────────┼───────┤
│               │ sendGetRoyaltyParams  │  1937 same   │ 37 same │ 7758 +1.41% │   1937   │   37   │ 7650  │
│               ├───────────────────────┼──────────────┼─────────┼─────────────┼──────────┼────────┼───────┤
│               │      0x693d3950       │ 3126 +10.42% │ 37 same │ 7758 +1.41% │   2831   │   37   │ 7650  │
│               ├───────────────────────┼──────────────┼─────────┼─────────────┼──────────┼────────┼───────┤
│               │      0xa8cb00ad       │   309 same   │ 37 same │ 7758 +1.41% │   309    │   37   │ 7650  │
│               ├───────────────────────┼──────────────┼─────────┼─────────────┼──────────┼────────┼───────┤
│               │      0x800f8178       │     3208     │   37    │    7758     │    ~     │   ~    │   ~   │
│               ├───────────────────────┼──────────────┼─────────┼─────────────┼──────────┼────────┼───────┤
│               │     notSupported      │ 849 +14.57%  │ 37 same │ 7758 +1.41% │   741    │   37   │ 7650  │
│ NFTCollection ├───────────────────────┼──────────────┼─────────┼─────────────┼──────────┼────────┼───────┤
│               │      0x8008751c       │  3218 same   │ 36 same │  7650 same  │   3218   │   36   │ 7650  │
│               ├───────────────────────┼──────────────┼─────────┼─────────────┼──────────┼────────┼───────┤
│               │  sendBatchDeployNFT   │  1937 same   │ 36 same │  7650 same  │   1937   │   36   │ 7650  │
│               ├───────────────────────┼──────────────┼─────────┼─────────────┼──────────┼────────┼───────┤
│               │          0x2          │ 727481 same  │ 36 same │  7650 same  │  727481  │   36   │ 7650  │
│               ├───────────────────────┼──────────────┼─────────┼─────────────┼──────────┼────────┼───────┤
│               │      0x801a18cb       │     3208     │   37    │    7758     │    ~     │   ~    │   ~   │
│               ├───────────────────────┼──────────────┼─────────┼─────────────┼──────────┼────────┼───────┤
│               │      0x800299f8       │     3208     │   37    │    7758     │    ~     │   ~    │   ~   │
│               ├───────────────────────┼──────────────┼─────────┼─────────────┼──────────┼────────┼───────┤
│               │    sendChangeOwner    │  1937 same   │ 37 same │ 7758 +1.41% │   1937   │   37   │ 7650  │
│               ├───────────────────────┼──────────────┼─────────┼─────────────┼──────────┼────────┼───────┤
│               │          0x3          │ 2582 +5.47%  │ 37 same │ 7758 +1.41% │   2448   │   37   │ 7650  │
│               ├───────────────────────┼──────────────┼─────────┼─────────────┼──────────┼────────┼───────┤
│               │      0x8017bad0       │      ~       │    ~    │      ~      │   3218   │   37   │ 7650  │
│               ├───────────────────────┼──────────────┼─────────┼─────────────┼──────────┼────────┼───────┤
│               │      0x80105974       │      ~       │    ~    │      ~      │   3218   │   37   │ 7650  │
│               ├───────────────────────┼──────────────┼─────────┼─────────────┼──────────┼────────┼───────┤
│               │      0x8002d39c       │      ~       │    ~    │      ~      │   3218   │   37   │ 7650  │
├───────────────┼───────────────────────┼──────────────┼─────────┼─────────────┼──────────┼────────┼───────┤
│               │ sendTransferOwnership │  1937 same   │ 15 same │  3782 same  │   1937   │   15   │ 3782  │
│               ├───────────────────────┼──────────────┼─────────┼─────────────┼──────────┼────────┼───────┤
│               │      0x5fcc3d14       │  6850 same   │ 15 same │  3782 same  │   6850   │   15   │ 3782  │
│               ├───────────────────────┼──────────────┼─────────┼─────────────┼──────────┼────────┼───────┤
│               │      0xd53276db       │   309 same   │ 15 same │  3782 same  │   309    │   15   │ 3782  │
│               ├───────────────────────┼──────────────┼─────────┼─────────────┼──────────┼────────┼───────┤
│               │       0x5138d91       │    0 same    │ 16 same │ 3983 -1.63% │    0     │   16   │ 4049  │
│               ├───────────────────────┼──────────────┼─────────┼─────────────┼──────────┼────────┼───────┤
│               │     notSupported      │   309 same   │ 16 same │ 3983 -1.63% │   309    │   16   │ 4049  │
│    NFTItem    ├───────────────────────┼──────────────┼─────────┼─────────────┼──────────┼────────┼───────┤
│               │   sendGetStaticData   │  1937 same   │ 15 same │  3782 same  │   1937   │   15   │ 3782  │
│               ├───────────────────────┼──────────────┼─────────┼─────────────┼──────────┼────────┼───────┤
│               │      0x2fcb26a2       │  4226 same   │ 15 same │  3782 same  │   4226   │   15   │ 3782  │
│               ├───────────────────────┼──────────────┼─────────┼─────────────┼──────────┼────────┼───────┤
│               │      0x8b771735       │   309 same   │ 15 same │  3782 same  │   309    │   15   │ 3782  │
│               ├───────────────────────┼──────────────┼─────────┼─────────────┼──────────┼────────┼───────┤
│               │      sendDeploy       │  1937 same   │ 15 same │  3782 same  │   1937   │   15   │ 3782  │
│               ├───────────────────────┼──────────────┼─────────┼─────────────┼──────────┼────────┼───────┤
│               │      0x8008751c       │  3218 same   │ 15 same │  3782 same  │   3218   │   15   │ 3782  │
└───────────────┴───────────────────────┴──────────────┴─────────┴─────────────┴──────────┴────────┴───────┘
"
`;

exports[`gasReportTable table delta result increase 1`] = `
"┌───────────────────────────┬─────────┬──────────────────────────────────────┬───────────────────────────┐
│                           │         │              one second              │        zero first         │
│         Contract          │ Method  ├────────────┬────────────┬────────────┼──────────┬────────┬───────┤
│                           │         │  gasUsed   │   cells    │    bits    │ gasUsed  │ cells  │ bits  │
├───────────────────────────┼─────────┼────────────┼────────────┼────────────┼──────────┼────────┼───────┤
│ EQBGhqLAZseEqRXz4ByFPT... │   0x0   │ 1 +100.00% │ 2 +100.00% │ 2 +100.00% │    0     │   0    │   0   │
└───────────────────────────┴─────────┴────────────┴────────────┴────────────┴──────────┴────────┴───────┘
"
`;

exports[`gasReportTable table delta result same 1`] = `
"┌───────────────────────────┬─────────┬────────────────────────────┬───────────────────────────┐
│                           │         │         one second         │         one first         │
│         Contract          │ Method  ├──────────┬────────┬────────┼──────────┬────────┬───────┤
│                           │         │ gasUsed  │ cells  │  bits  │ gasUsed  │ cells  │ bits  │
├───────────────────────────┼─────────┼──────────┼────────┼────────┼──────────┼────────┼───────┤
│ EQBGhqLAZseEqRXz4ByFPT... │   0x0   │  1 same  │ 2 same │ 2 same │    1     │   2    │   2   │
└───────────────────────────┴─────────┴──────────┴────────┴────────┴──────────┴────────┴───────┘
"
`;

exports[`gasReportTable table sample 1`] = `
"┌─────────────┬────────────────┬────────────────────────────────────┬───────────────────────────┐
│             │                │              current               │           first           │
│  Contract   │     Method     ├─────────────┬────────┬─────────────┼──────────┬────────┬───────┤
│             │                │   gasUsed   │ cells  │    bits     │ gasUsed  │ cells  │ bits  │
├─────────────┼────────────────┼─────────────┼────────┼─────────────┼──────────┼────────┼───────┤
│             │   sendDeploy   │  1937 same  │ 9 same │ 1023 -4.48% │   1937   │   9    │ 1071  │
│             ├────────────────┼─────────────┼────────┼─────────────┼──────────┼────────┼───────┤
│             │      send      │ 589 -8.11%  │ 9 same │ 1023 -4.48% │   641    │   9    │ 1071  │
│             ├────────────────┼─────────────┼────────┼─────────────┼──────────┼────────┼───────┤
│             │ sendIncrAction │  1937 same  │ 9 same │ 1023 -4.48% │   1937   │   9    │ 1071  │
│ SampleBench ├────────────────┼─────────────┼────────┼─────────────┼──────────┼────────┼───────┤
│             │      Incr      │ 2743 -1.58% │ 9 same │ 1023 -4.48% │   2787   │   9    │ 1071  │
│             ├────────────────┼─────────────┼────────┼─────────────┼──────────┼────────┼───────┤
│             │ sendDecrAction │  1937 same  │ 9 same │ 1023 -4.48% │   1937   │   9    │ 1071  │
│             ├────────────────┼─────────────┼────────┼─────────────┼──────────┼────────┼───────┤
│             │      Decr      │ 2820 -2.25% │ 9 same │ 1023 -4.48% │   2885   │   9    │ 1071  │
└─────────────┴────────────────┴─────────────┴────────┴─────────────┴──────────┴────────┴───────┘
"
`;

exports[`gasReportTable table single result 1`] = `
"┌───────────────────────────┬─────────┬───────────────────────────┐
│                           │         │         one first         │
│         Contract          │ Method  ├──────────┬────────┬───────┤
│                           │         │ gasUsed  │ cells  │ bits  │
├───────────────────────────┼─────────┼──────────┼────────┼───────┤
│ EQBGhqLAZseEqRXz4ByFPT... │   0x0   │    1     │   2    │   2   │
└───────────────────────────┴─────────┴──────────┴────────┴───────┘
"
`;
